[Licensing::Module] Trying to connect to existing licensing client channel...
Built from '6000.6/respin/6000.6.0f1-fa21a270ab12' branch; Version is '6000.6.0f1 (f7f8ed4d1e24) revision 16251117'; Using compiler version '194234433'; Build Type 'Release'
[Licensing::IpcConnector] Successfully connected to: "LicenseClient-WAEC1EyiiZrrBbSeSSQu7" at "2026-09-25T21:21:49.7407773Z"
OS: 'Windows 11  (10.0.26200) Core' Language: 'en' Physical Memory: 16208 MB
BatchMode: 1, IsHumanControllingUs: 0, StartBugReporterOnCrash: 0, Is64bit: 1
System  architecture: x64
Process architecture: x64
Date: 2026-09-25T21:21:49Z
[Licensing::Client] Code 10 while verifying Licensing Client signature (process Id: 18360, path: "C:/Program Files/Unity Hub/UnityLicensingClient_V1/Unity.Licensing.Client.exe")
[Licensing::Module] LicensingClient has failed validation; ignoring
[Licensing::Client] Handshaking with LicensingClient:
  Version:                 1.18.3+d7ffd15
  Session Id:              70f4dad4c38445a895d6852a43063c2e
  Correlation Id:          1330d2a581d7137aeef1bed4a47e9b1e
  External correlation Id: 2583434968246939328
  Machine Id:              qWafhisASDQIfrFUAICso/rlL1w=
[Licensing::Module] Successfully connected to LicensingClient on channel: "LicenseClient-WAEC1EyiiZrrBbSeSSQu7" (connect: 0.00s, validation: 0.01s, handshake: 0.19s)
[Licensing::IpcConnector] Successfully connected to: "LicenseClient-WAEC1EyiiZrrBbSeSSQu7-notifications" at "2026-09-25T21:21:49.9410192Z"
[Licensing::Module] Licensing Background thread has ended after 0.20s

COMMAND LINE ARGUMENTS:
C:\Program Files\Unity\Hub\Editor\6000.6.0f1\Editor\Unity.exe
-adb2
-batchMode
-noUpm
-name
AssetImportWorkerHW1
-projectPath
C:/Users/nadia/Documents/GitHub/KioskProject/KioskProject
-logFile
Logs/AssetImportWorkerHW1.log
-srvPort
50172
-parentPid
10752
-analyticsCloudUserId
2476045025254
-analyticsLocalProjectId
1691c19561814814ebd337b1f53e6e5e
-editorAnalyticsEnabled
1
-cbmEditorLicense
f0059bd3c9bbbae27c00e5112c1de75655c837bd
-cbmMachineId
qWafhisASDQIfrFUAICso/rlL1w=
-licensingIpc
LicenseClient-WAEC1EyiiZrrBbSeSSQu7
-noDiagnosticSwitchPersistentStore
-job-worker-count
5
-background-job-worker-count
8
-asset-garbage-collectors
1
-force-d3d12
-name
AssetImport
Successfully changed project path to: C:/Users/nadia/Documents/GitHub/KioskProject/KioskProject
C:/Users/nadia/Documents/GitHub/KioskProject/KioskProject
[UnityMemory] Configuration Parameters - Can be set up in boot.config
    "memorysetup-temp-allocator-size-gi-baking-worker=262144"
    "memorysetup-temp-allocator-size-gi-baking-worker=262144"
    "memorysetup-temp-allocator-size-gi-baking-worker=262144"
    "memorysetup-temp-allocator-size-gi-baking-worker=262144"
    "memorysetup-temp-allocator-size-gi-baking-worker=262144"
    "memorysetup-temp-allocator-size-nav-mesh-worker=65536"
    "memorysetup-temp-allocator-size-audio-worker=65536"
    "memorysetup-temp-allocator-size-cloud-worker=32768"
    "memorysetup-temp-allocator-size-gfx=262144"
    "memorysetup-remapper-allocator-initial-capacity=32768"
    "memorysetup-temp-allocator-size-preload-manager=33554432"
    "memorysetup-allocator-temp-initial-block-size-main=262144"
    "memorysetup-allocator-temp-initial-block-size-worker=262144"
    "memorysetup-temp-allocator-size-job-worker=262144"
    "memorysetup-temp-allocator-size-background-worker=32768"
    "memorysetup-bucket-allocator-granularity=16"
    "memorysetup-bucket-allocator-bucket-count=8"
    "memorysetup-bucket-allocator-block-size=33554432"
    "memorysetup-bucket-allocator-block-count=8"
    "memorysetup-main-allocator-block-size=16777216"
    "memorysetup-thread-allocator-block-size=16777216"
    "memorysetup-main-allocator-mimalloc-enabled=1"
    "memorysetup-gfx-main-allocator-block-size=16777216"
    "memorysetup-gfx-thread-allocator-block-size=16777216"
    "memorysetup-cache-allocator-block-size=4194304"
    "memorysetup-typetree-allocator-block-size=2097152"
    "memorysetup-profiler-bucket-allocator-granularity=16"
    "memorysetup-profiler-bucket-allocator-bucket-count=8"
    "memorysetup-profiler-bucket-allocator-block-size=33554432"
    "memorysetup-profiler-bucket-allocator-block-count=8"
    "memorysetup-profiler-allocator-block-size=16777216"
    "memorysetup-profiler-editor-allocator-block-size=1048576"
    "memorysetup-temp-allocator-size-main=16777216"
    "memorysetup-job-temp-allocator-block-size=2097152"
    "memorysetup-job-temp-allocator-block-size-background=1048576"
    "memorysetup-job-temp-allocator-reduction-small-platforms=262144"
Player connection [8936]  Target information:

Player connection [8936]  * "[IP] 216.37.102.188 [Port] 0 [Flags] 2 [Guid] 3647036493 [EditorId] 3647036493 [Version] 1048832 [Id] WindowsEditor(7,Nadiasurface) [Debug] 1 [PackageName] WindowsEditor [ProjectName] Editor" 

Player connection [8936] Host joined multi-casting on [225.0.0.222:54997]...
Player connection [8936] Host joined alternative multi-casting on [225.0.0.222:34997]...
JobSystem: Creating JobQueue using job-worker-count value 5
Input System module state changed to: Initialized.
[Physics::Module] Initialized fallback backend.
[Physics::Module] Id: 0xdecafbad
Library Redirect Path: Library/
Initialising UDS system complete:
  - System type: Client
  - Resource namespace: 4aa196f9ef678214ef5c967b6b899d95
  - Shared memory size: 1073741824
  - Command buffer id: 1052576
  - Command buffer size: 8192
  - Hashmap size: 4194304
  - Service connected: true
  - Service working directory: Library/DataStore/
[Physics::Module] Selected backend.
[Physics::Module] Name: PhysX
[Physics::Module] Id: 0xf2b8ea05
[Physics::Module] SDK Version: 4.1.2
[Physics::Module] Integration Version: 1.0.0
[Physics::Module] Threading Mode: Multi-Threaded
Active build profile path: `Assets/Settings/Build Profiles/Windows.asset`
Got setting from build profile YAML, name `m_BuildTarget`, value `19`
Got setting from build profile YAML, name `m_Subtarget`, value `2`
Refreshing native plugins compatible for Editor in 12.87 ms, found 5 plugins.
Preloading 1 native plugins for Editor in 3.98 ms.
Initialize engine version: 6000.6.0f1 (f7f8ed4d1e24)
[EntityIdStore] init: VM path (explicit commit), pageSize=4096, blockCount=1048576, entitiesPerBlock=256, slots reserved=4294967296 bytes
[Subsystems] Discovering subsystems at path C:/Program Files/Unity/Hub/Editor/6000.6.0f1/Editor/Data/Resources/UnitySubsystems
[Subsystems] Discovering subsystems at path C:/Users/nadia/Documents/GitHub/KioskProject/KioskProject/Assets
Forcing GfxDevice: Direct3D 12
GfxDevice: creating device client; kGfxThreadingModeNonThreaded
d3d12: failed to query info queue interface (0x80004002).
Direct3D:
    Version:         Direct3D 12 [level 12.1]
    Renderer:        Intel(R) Iris(R) Xe Graphics (ID=0x46a8)
    Vendor:          Intel
    VRAM:            8104 MB
    App VRAM Budget: 7442 MB
    Driver:          32.0.101.7088
    Unified Memory Architecture
    Cache Coherent UMA
Initialize mono
Mono path[0] = 'C:/Program Files/Unity/Hub/Editor/6000.6.0f1/Editor/Data/Managed'
Mono path[1] = 'C:/Program Files/Unity/Hub/Editor/6000.6.0f1/Editor/Data/BCLExtensions/runtime/netstandard2.1'
Mono path[2] = 'C:/Program Files/Unity/Hub/Editor/6000.6.0f1/Editor/Data/MonoBleedingEdge/lib/mono/unityjit-win32'
Mono config path = 'C:/Program Files/Unity/Hub/Editor/6000.6.0f1/Editor/Data/MonoBleedingEdge/etc'
Using monoOptions --debugger-agent=transport=dt_socket,embedding=1,server=y,suspend=n,address=127.0.0.1:56992
CodeReloadManager initialized
Begin MonoManager ReloadAssembly
Registering precompiled unity dll's ...
Register platform support module: C:/Program Files/Unity/Hub/Editor/6000.6.0f1/Editor/Data/PlaybackEngines/WebGLSupport/UnityEditor.WebGL.Extensions.dll
Register platform support module: C:/Program Files/Unity/Hub/Editor/6000.6.0f1/Editor/Data/PlaybackEngines/WindowsStandaloneSupport/UnityEditor.WindowsStandalone.Extensions.dll
Registered in 0.004354 seconds.
Native extension for WindowsStandalone target not found
Native extension for WebGL target not found
Package Manager log level set to [2]
[Package Manager] Failed to launch server process. Reason: Unity was launched with the -noUpm command-line argument
[Package Manager] Unable to send message (not connected to server process).
[Package Manager] Cannot connect to Unity Package Manager local server
ScheduleIndexationOnStartup MainProcess:False IndexOnStartup:True
Scripting: successfully reloaded assembly
- Finished resetting the current domain, in  1.190 seconds
Domain Reload Profiling: 2485ms
	BeginReloadAssembly (279ms)
	RebuildCommonClasses (10ms)
	RebuildNativeTypeToScriptingClass (33ms)
	initialDomainReloadingComplete (167ms)
	LoadAllAssembliesAndSetupDomain (804ms)
		LoadAssemblies (274ms)
		TypeCache.Refresh (553ms)
			TypeCache.ScanAssembly (519ms)
		AnalyzeDomain (2ms)
	FinalizeReload (1193ms)
		SetupLoadedEditorAssemblies (0ms)
			LogAssemblyErrors (4ms)
			InitializePlatformSupportModulesInManaged (84ms)
			BeforeProcessingInitializeOnLoad (246ms)
			ProcessInitializeOnLoadAttributes (243ms)
			ProcessInitializeOnLoadMethodAttributes (368ms)
Initializing Unity extensions:
[Licensing::Client] Successfully resolved entitlement details
[Licensing::Module] License group:
  Id: F4-3VZ2-5WT4-GH8V-WM95-XXXX
  Product: Unity Personal
  Type: ULF
  Expiration: Unlimited
[Licensing::Module] License group:
  Id: 2476045025254-UnityPersXXXX
  Product: Unity Personal
  Type: Assigned
  Expiration: Unlimited
========================================================================
Worker process is ready to serve import requests
Import Worker Mode flag is 0x00
Got setting from build profile YAML, name `m_Development`, value `0`
Begin MonoManager ReloadAssembly
Refreshing native plugins compatible for Editor in 6.61 ms, found 5 plugins.
Symbol file LoadedFromMemory is not a mono symbol file
Symbol file LoadedFromMemory is not a mono symbol file
'Packages/com.unity.render-pipelines.core/Editor/Deprecated.cs' contains partial class of Unity.Object, exactly 1 of the partial classes needs to be in a file with the same filename. This is to know the one that can be referenced from ie. GameObjects
'Packages/com.unity.render-pipelines.core/Editor/Deprecated.cs' contains partial class of Unity.Object, exactly 1 of the partial classes needs to be in a file with the same filename. This is to know the one that can be referenced from ie. GameObjects
Refreshing native plugins compatible for Editor in 5.03 ms, found 5 plugins.
Native extension for WindowsStandalone target not found
Native extension for WebGL target not found
[Package Manager] Failed to launch server process. Reason: Unity was launched with the -noUpm command-line argument
[Package Manager] Unable to send message (not connected to server process).
[Package Manager] Cannot connect to Unity Package Manager local server
Refreshing native plugins compatible for Editor in 5.96 ms, found 5 plugins.
[Package Manager] Failed to launch server process. Reason: Unity was launched with the -noUpm command-line argument
[Package Manager] Unable to send message (not connected to server process).
[Package Manager] Cannot connect to Unity Package Manager local server
[Licensing::Client] Error: Code 404 while processing request (status: Found 0 entitlement groups and 0 free entitlements matching requested entitlement ids)
[Licensing::Client] Error: Code 404 while processing request (status: Found 0 entitlement groups and 0 free entitlements matching requested entitlement ids)
[Licensing::Client] Error: Code 404 while processing request (status: Found 0 entitlement groups and 0 free entitlements matching requested entitlement ids)
ScheduleIndexationOnStartup MainProcess:False IndexOnStartup:True
Scripting: successfully reloaded assembly
- Finished resetting the current domain, in  3.912 seconds
Domain Reload Profiling: 7225ms
	BeginReloadAssembly (554ms)
		DisableScriptedObjects (67ms)
		CreateAndSetChildDomain (68ms)
	RebuildCommonClasses (19ms)
	RebuildNativeTypeToScriptingClass (33ms)
	initialDomainReloadingComplete (292ms)
	LoadAllAssembliesAndSetupDomain (2411ms)
		LoadAssemblies (1100ms)
		TypeCache.Refresh (892ms)
			TypeCache.ScanAssembly (841ms)
		AnalyzeDomain (258ms)
			BuildScriptInfoCaches (236ms)
			ResolveRequiredComponents (16ms)
	FinalizeReload (3915ms)
		SetupLoadedEditorAssemblies (0ms)
			LogAssemblyErrors (4ms)
			InitializePlatformSupportModulesInManaged (25ms)
			BeforeProcessingInitializeOnLoad (358ms)
			ProcessInitializeOnLoadAttributes (2197ms)
			ProcessInitializeOnLoadMethodAttributes (598ms)
			AfterProcessingInitializeOnLoad (14ms)
			EditorAssembliesLoaded (4ms)
		AwakeInstancesAfterBackupRestoration (47ms)
AcceleratorClientConnectionCallback - disconnected - :0
Launched and connected shader compiler UnityShaderCompiler.exe after 0.03 seconds
Refreshing native plugins compatible for Editor in 5.08 ms, found 5 plugins.
Unloading 105 Unused Serialized files (Serialized files now loaded: 0)
Unloading 10295 unused Assets / (26.8 MB). Loaded Objects now: 11197.
Memory consumption went from 477.7 MB to 450.8 MB.
Total: 45.986300 ms (FindLiveObjects: 3.439200 ms CreateObjectMapping: 1.877800 ms MarkObjects: 30.929400 ms  DeleteObjects: 9.093300 ms)

========================================================================
Received Prepare
AcceleratorClientConnectionCallback - disconnected - :0
Refreshing native plugins compatible for Editor in 7.82 ms, found 5 plugins.
Unloading 104 Unused Serialized files (Serialized files now loaded: 0)
Unloading 104 unused Assets / (17.0 MB). Loaded Objects now: 11197.
Memory consumption went from 466.0 MB to 449.0 MB.
Total: 45.018300 ms (FindLiveObjects: 2.677500 ms CreateObjectMapping: 1.140200 ms MarkObjects: 34.809900 ms  DeleteObjects: 5.688100 ms)

Prepare: number of updated asset objects reloaded= 0
========================================================================
Received Prepare
AcceleratorClientConnectionCallback - disconnected - :0
Refreshing native plugins compatible for Editor in 5.98 ms, found 5 plugins.
Unloading 104 Unused Serialized files (Serialized files now loaded: 0)
Unloading 105 unused Assets / (16.9 MB). Loaded Objects now: 11197.
Memory consumption went from 468.7 MB to 451.8 MB.
Total: 46.258400 ms (FindLiveObjects: 2.917800 ms CreateObjectMapping: 1.159300 ms MarkObjects: 33.709100 ms  DeleteObjects: 7.562300 ms)

Prepare: number of updated asset objects reloaded= 0
========================================================================
Received Import Request.
  Time of request: 2026-09-25T21:31:05.903251Z
  Time since last request: 113503.45953900000313 seconds.
  importAddress: GUID: 234b6a9c6c315854c806599b1e7f7d88 - Path: Assets/Scenes/Scene1.unity - Importer: ScriptedImporter/UnityEditor.QuickSearchModule:UnityEditor.Search:ASIAI0B
Importing 'GUID: 234b6a9c6c315854c806599b1e7f7d88 - Path: Assets/Scenes/Scene1.unity - Importer: ScriptedImporter/UnityEditor.QuickSearchModule:UnityEditor.Search:ASIAI0B' with importer (ScriptedImporter : UnityEditor.QuickSearchModule:UnityEditor.Search:ASIAI0B)
Imported 'GUID: 234b6a9c6c315854c806599b1e7f7d88' -> (Import Result ID: '48fd3362f445b4a8514ae439c2de9cbb') in 0.145 seconds [static and dynamic dependencies]. Details - ImportResultOutputID=f9e965ce72ef11d76d4008072b22f328 DependenciesID=c4fe636a65761e2815dd72caf1cf3cbc StaticDependenciesID=38113181a9902aed77768b9e3ea93813 
Number of updated asset objects reloaded before import = 0
Number of asset objects unloaded after import = 1
========================================================================
Received Prepare
AcceleratorClientConnectionCallback - disconnected - :0
Refreshing native plugins compatible for Editor in 12.73 ms, found 5 plugins.
Unloading 104 Unused Serialized files (Serialized files now loaded: 0)
Unloading 105 unused Assets / (16.9 MB). Loaded Objects now: 11199.
Memory consumption went from 473.2 MB to 456.3 MB.
Total: 51.823500 ms (FindLiveObjects: 3.049900 ms CreateObjectMapping: 1.442600 ms MarkObjects: 36.394800 ms  DeleteObjects: 10.103800 ms)

Prepare: number of updated asset objects reloaded= 0
========================================================================
Received Import Request.
  Time of request: 2026-09-25T21:32:16.1310207Z
  Time since last request: 70.0545589 seconds.
  importAddress: GUID: 8a89fa14b10d46a99122fd4f73fca9a2 - Path: Assets/TextMesh Pro/Examples & Extras/Resources/Fonts & Materials/Anton SDF.asset - Importer: ScriptedImporter/UnityEditor.QuickSearchModule:UnityEditor.Search:ASIAI0B
Importing 'GUID: 8a89fa14b10d46a99122fd4f73fca9a2 - Path: Assets/TextMesh Pro/Examples & Extras/Resources/Fonts & Materials/Anton SDF.asset - Importer: ScriptedImporter/UnityEditor.QuickSearchModule:UnityEditor.Search:ASIAI0B' with importer (ScriptedImporter : UnityEditor.QuickSearchModule:UnityEditor.Search:ASIAI0B)
Imported 'GUID: 8a89fa14b10d46a99122fd4f73fca9a2' -> (Import Result ID: 'a8449fec41243ea81e036061381b659b') in 0.192 seconds [static and dynamic dependencies]. Details - ImportResultOutputID=fb00237a8a4779115a08f148f71d767e DependenciesID=dab1c9f4dafc796c51e07237ef68a7ec StaticDependenciesID=8180ec7a64ef5425a9bded6f8d830a7c 
Number of updated asset objects reloaded before import = 0
Number of asset objects unloaded after import = 5
========================================================================
Received Prepare
AcceleratorClientConnectionCallback - disconnected - :0
Refreshing native plugins compatible for Editor in 6.20 ms, found 5 plugins.
Unloading 104 Unused Serialized files (Serialized files now loaded: 0)
Unloading 105 unused Assets / (17.0 MB). Loaded Objects now: 11199.
Memory consumption went from 471.9 MB to 454.9 MB.
Total: 42.844400 ms (FindLiveObjects: 3.070000 ms CreateObjectMapping: 1.413200 ms MarkObjects: 32.002100 ms  DeleteObjects: 5.659200 ms)

Prepare: number of updated asset objects reloaded= 0
========================================================================
Received Import Request.
  Time of request: 2026-09-25T21:34:28.2960925Z
  Time since last request: 131.93355439999999 seconds.
  importAddress: GUID: 8a89fa14b10d46a99122fd4f73fca9a2 - Path: Assets/TextMesh Pro/Examples & Extras/Resources/Fonts & Materials/Anton SDF.asset - Importer: ScriptedImporter/UnityEditor.QuickSearchModule:UnityEditor.Search:ASIAI0B
Importing 'GUID: 8a89fa14b10d46a99122fd4f73fca9a2 - Path: Assets/TextMesh Pro/Examples & Extras/Resources/Fonts & Materials/Anton SDF.asset - Importer: ScriptedImporter/UnityEditor.QuickSearchModule:UnityEditor.Search:ASIAI0B' with importer (ScriptedImporter : UnityEditor.QuickSearchModule:UnityEditor.Search:ASIAI0B)
Imported 'GUID: 8a89fa14b10d46a99122fd4f73fca9a2' -> (Import Result ID: 'edc5b0f893741070faa3c513ce223236') in 0.046 seconds [static and dynamic dependencies]. Details - ImportResultOutputID=e368c50c73e94dad1faa73280e6ba2f6 DependenciesID=8cf9e914ccc507879cfdbc289d56eafd StaticDependenciesID=74abc253705755a564ebd331ee529986 
Number of updated asset objects reloaded before import = 0
Number of asset objects unloaded after import = 5
