[Licensing::Module] Trying to connect to existing licensing client channel...
Built from '6000.6/respin/6000.6.0f1-fa21a270ab12' branch; Version is '6000.6.0f1 (f7f8ed4d1e24) revision 16251117'; Using compiler version '194234433'; Build Type 'Release'
[Licensing::IpcConnector] Successfully connected to: "LicenseClient-WAEC1EyiiZrrBbSeSSQu7" at "2026-09-24T22:19:00.8936527Z"
OS: 'Windows 11  (10.0.26200) Core' Language: 'en' Physical Memory: 16208 MB
BatchMode: 1, IsHumanControllingUs: 0, StartBugReporterOnCrash: 0, Is64bit: 1
System  architecture: x64
Process architecture: x64
Date: 2026-09-24T22:19:00Z
[Licensing::Client] Code 10 while verifying Licensing Client signature (process Id: 18360, path: "C:/Program Files/Unity Hub/UnityLicensingClient_V1/Unity.Licensing.Client.exe")
[Licensing::Module] LicensingClient has failed validation; ignoring
[Licensing::Client] Handshaking with LicensingClient:
  Version:                 1.18.3+d7ffd15
  Session Id:              2e97e118200a48bb8fab7518b46e5c7f
  Correlation Id:          1330d2a581d7137aeef1bed4a47e9b1e
  External correlation Id: 842009575951077167
  Machine Id:              qWafhisASDQIfrFUAICso/rlL1w=
[Licensing::Module] Successfully connected to LicensingClient on channel: "LicenseClient-WAEC1EyiiZrrBbSeSSQu7" (connect: 0.00s, validation: 0.01s, handshake: 0.23s)
[Licensing::IpcConnector] Successfully connected to: "LicenseClient-WAEC1EyiiZrrBbSeSSQu7-notifications" at "2026-09-24T22:19:01.1292117Z"
[Licensing::Module] Licensing Background thread has ended after 0.24s

COMMAND LINE ARGUMENTS:
C:\Program Files\Unity\Hub\Editor\6000.6.0f1\Editor\Unity.exe
-adb2
-batchMode
-noUpm
-name
AssetImportWorkerHW2
-projectPath
C:/Users/nadia/Documents/GitHub/KioskProject/KioskProject
-logFile
Logs/AssetImportWorkerHW2.log
-srvPort
49923
-parentPid
15864
-analyticsCloudUserId
2476045025254
-analyticsLocalProjectId
1691c19561814814ebd337b1f53e6e5e
-editorAnalyticsEnabled
1
-cbmEditorLicense
f0059bd3c9bbbae27c00e5112c1de75655c837bd
-cbmMachineId
qWafhisASDQIfrFUAICso/rlL1w=
-licensingIpc
LicenseClient-WAEC1EyiiZrrBbSeSSQu7
-noDiagnosticSwitchPersistentStore
-job-worker-count
5
-background-job-worker-count
8
-asset-garbage-collectors
1
-force-d3d12
-name
AssetImport
Successfully changed project path to: C:/Users/nadia/Documents/GitHub/KioskProject/KioskProject
C:/Users/nadia/Documents/GitHub/KioskProject/KioskProject
[UnityMemory] Configuration Parameters - Can be set up in boot.config
    "memorysetup-temp-allocator-size-gi-baking-worker=262144"
    "memorysetup-temp-allocator-size-gi-baking-worker=262144"
    "memorysetup-temp-allocator-size-gi-baking-worker=262144"
    "memorysetup-temp-allocator-size-gi-baking-worker=262144"
    "memorysetup-temp-allocator-size-gi-baking-worker=262144"
    "memorysetup-temp-allocator-size-nav-mesh-worker=65536"
    "memorysetup-temp-allocator-size-audio-worker=65536"
    "memorysetup-temp-allocator-size-cloud-worker=32768"
    "memorysetup-temp-allocator-size-gfx=262144"
    "memorysetup-remapper-allocator-initial-capacity=32768"
    "memorysetup-temp-allocator-size-preload-manager=33554432"
    "memorysetup-allocator-temp-initial-block-size-main=262144"
    "memorysetup-allocator-temp-initial-block-size-worker=262144"
    "memorysetup-temp-allocator-size-job-worker=262144"
    "memorysetup-temp-allocator-size-background-worker=32768"
    "memorysetup-bucket-allocator-granularity=16"
    "memorysetup-bucket-allocator-bucket-count=8"
    "memorysetup-bucket-allocator-block-size=33554432"
    "memorysetup-bucket-allocator-block-count=8"
    "memorysetup-main-allocator-block-size=16777216"
    "memorysetup-thread-allocator-block-size=16777216"
    "memorysetup-main-allocator-mimalloc-enabled=1"
    "memorysetup-gfx-main-allocator-block-size=16777216"
    "memorysetup-gfx-thread-allocator-block-size=16777216"
    "memorysetup-cache-allocator-block-size=4194304"
    "memorysetup-typetree-allocator-block-size=2097152"
    "memorysetup-profiler-bucket-allocator-granularity=16"
    "memorysetup-profiler-bucket-allocator-bucket-count=8"
    "memorysetup-profiler-bucket-allocator-block-size=33554432"
    "memorysetup-profiler-bucket-allocator-block-count=8"
    "memorysetup-profiler-allocator-block-size=16777216"
    "memorysetup-profiler-editor-allocator-block-size=1048576"
    "memorysetup-temp-allocator-size-main=16777216"
    "memorysetup-job-temp-allocator-block-size=2097152"
    "memorysetup-job-temp-allocator-block-size-background=1048576"
    "memorysetup-job-temp-allocator-reduction-small-platforms=262144"
Player connection [23008]  Target information:

Player connection [23008]  * "[IP] 216.37.97.21 [Port] 0 [Flags] 2 [Guid] 2421094566 [EditorId] 2421094566 [Version] 1048832 [Id] WindowsEditor(7,Nadiasurface) [Debug] 1 [PackageName] WindowsEditor [ProjectName] Editor" 

Player connection [23008] Host joined multi-casting on [225.0.0.222:54997]...
Player connection [23008] Host joined alternative multi-casting on [225.0.0.222:34997]...
JobSystem: Creating JobQueue using job-worker-count value 5
Input System module state changed to: Initialized.
[Physics::Module] Initialized fallback backend.
[Physics::Module] Id: 0xdecafbad
Library Redirect Path: Library/
Initialising UDS system complete:
  - System type: Client
  - Resource namespace: 4aa196f9ef678214ef5c967b6b899d95
  - Shared memory size: 1073741824
  - Command buffer id: 1052576
  - Command buffer size: 8192
  - Hashmap size: 4194304
  - Service connected: true
  - Service working directory: Library/DataStore/
[Physics::Module] Selected backend.
[Physics::Module] Name: PhysX
[Physics::Module] Id: 0xf2b8ea05
[Physics::Module] SDK Version: 4.1.2
[Physics::Module] Integration Version: 1.0.0
[Physics::Module] Threading Mode: Multi-Threaded
Active build profile path: `Assets/Settings/Build Profiles/Windows.asset`
Got setting from build profile YAML, name `m_BuildTarget`, value `19`
Got setting from build profile YAML, name `m_Subtarget`, value `2`
Refreshing native plugins compatible for Editor in 29.02 ms, found 5 plugins.
Preloading 1 native plugins for Editor in 5.10 ms.
Initialize engine version: 6000.6.0f1 (f7f8ed4d1e24)
[EntityIdStore] init: VM path (explicit commit), pageSize=4096, blockCount=1048576, entitiesPerBlock=256, slots reserved=4294967296 bytes
[Subsystems] Discovering subsystems at path C:/Program Files/Unity/Hub/Editor/6000.6.0f1/Editor/Data/Resources/UnitySubsystems
[Subsystems] Discovering subsystems at path C:/Users/nadia/Documents/GitHub/KioskProject/KioskProject/Assets
Forcing GfxDevice: Direct3D 12
GfxDevice: creating device client; kGfxThreadingModeNonThreaded
d3d12: failed to query info queue interface (0x80004002).
Direct3D:
    Version:         Direct3D 12 [level 12.1]
    Renderer:        Intel(R) Iris(R) Xe Graphics (ID=0x46a8)
    Vendor:          Intel
    VRAM:            8104 MB
    App VRAM Budget: 7442 MB
    Driver:          32.0.101.6737
    Unified Memory Architecture
    Cache Coherent UMA
Initialize mono
Mono path[0] = 'C:/Program Files/Unity/Hub/Editor/6000.6.0f1/Editor/Data/Managed'
Mono path[1] = 'C:/Program Files/Unity/Hub/Editor/6000.6.0f1/Editor/Data/BCLExtensions/runtime/netstandard2.1'
Mono path[2] = 'C:/Program Files/Unity/Hub/Editor/6000.6.0f1/Editor/Data/MonoBleedingEdge/lib/mono/unityjit-win32'
Mono config path = 'C:/Program Files/Unity/Hub/Editor/6000.6.0f1/Editor/Data/MonoBleedingEdge/etc'
Using monoOptions --debugger-agent=transport=dt_socket,embedding=1,server=y,suspend=n,address=127.0.0.1:56980
CodeReloadManager initialized
Begin MonoManager ReloadAssembly
Registering precompiled unity dll's ...
Register platform support module: C:/Program Files/Unity/Hub/Editor/6000.6.0f1/Editor/Data/PlaybackEngines/WebGLSupport/UnityEditor.WebGL.Extensions.dll
Register platform support module: C:/Program Files/Unity/Hub/Editor/6000.6.0f1/Editor/Data/PlaybackEngines/WindowsStandaloneSupport/UnityEditor.WindowsStandalone.Extensions.dll
Registered in 0.010501 seconds.
Native extension for WindowsStandalone target not found
Native extension for WebGL target not found
Package Manager log level set to [2]
[Package Manager] Failed to launch server process. Reason: Unity was launched with the -noUpm command-line argument
[Package Manager] Unable to send message (not connected to server process).
[Package Manager] Cannot connect to Unity Package Manager local server
ScheduleIndexationOnStartup MainProcess:False IndexOnStartup:True
Scripting: successfully reloaded assembly
- Finished resetting the current domain, in  1.732 seconds
Domain Reload Profiling: 4082ms
	BeginReloadAssembly (555ms)
		CreateAndSetChildDomain (3ms)
	RebuildCommonClasses (18ms)
	RebuildNativeTypeToScriptingClass (80ms)
	initialDomainReloadingComplete (324ms)
	LoadAllAssembliesAndSetupDomain (1372ms)
		LoadAssemblies (544ms)
		TypeCache.Refresh (1005ms)
			TypeCache.ScanAssembly (952ms)
		AnalyzeDomain (2ms)
	FinalizeReload (1734ms)
		SetupLoadedEditorAssemblies (0ms)
			LogAssemblyErrors (5ms)
			InitializePlatformSupportModulesInManaged (118ms)
			BeforeProcessingInitializeOnLoad (242ms)
			ProcessInitializeOnLoadAttributes (265ms)
			ProcessInitializeOnLoadMethodAttributes (870ms)
Initializing Unity extensions:
[Licensing::Client] Successfully resolved entitlement details
[Licensing::Module] License group:
  Id: F4-3VZ2-5WT4-GH8V-WM95-XXXX
  Product: Unity Personal
  Type: ULF
  Expiration: Unlimited
[Licensing::Module] License group:
  Id: 2476045025254-UnityPersXXXX
  Product: Unity Personal
  Type: Assigned
  Expiration: Unlimited
========================================================================
Worker process is ready to serve import requests
Import Worker Mode flag is 0x00
Got setting from build profile YAML, name `m_Development`, value `0`
Begin MonoManager ReloadAssembly
Refreshing native plugins compatible for Editor in 7.10 ms, found 5 plugins.
Symbol file LoadedFromMemory is not a mono symbol file
Symbol file LoadedFromMemory is not a mono symbol file
'Packages/com.unity.render-pipelines.core/Editor/Deprecated.cs' contains partial class of Unity.Object, exactly 1 of the partial classes needs to be in a file with the same filename. This is to know the one that can be referenced from ie. GameObjects
'Packages/com.unity.render-pipelines.core/Editor/Deprecated.cs' contains partial class of Unity.Object, exactly 1 of the partial classes needs to be in a file with the same filename. This is to know the one that can be referenced from ie. GameObjects
Refreshing native plugins compatible for Editor in 16.77 ms, found 5 plugins.
Native extension for WindowsStandalone target not found
Native extension for WebGL target not found
[Package Manager] Failed to launch server process. Reason: Unity was launched with the -noUpm command-line argument
[Package Manager] Unable to send message (not connected to server process).
[Package Manager] Cannot connect to Unity Package Manager local server
Refreshing native plugins compatible for Editor in 15.94 ms, found 5 plugins.
[Package Manager] Failed to launch server process. Reason: Unity was launched with the -noUpm command-line argument
[Package Manager] Unable to send message (not connected to server process).
[Package Manager] Cannot connect to Unity Package Manager local server
[Licensing::Client] Error: Code 404 while processing request (status: Found 0 entitlement groups and 0 free entitlements matching requested entitlement ids)
[Licensing::Client] Error: Code 404 while processing request (status: Found 0 entitlement groups and 0 free entitlements matching requested entitlement ids)
[Licensing::Client] Error: Code 404 while processing request (status: Found 0 entitlement groups and 0 free entitlements matching requested entitlement ids)
ScheduleIndexationOnStartup MainProcess:False IndexOnStartup:True
Scripting: successfully reloaded assembly
- Finished resetting the current domain, in  4.749 seconds
Domain Reload Profiling: 8302ms
	BeginReloadAssembly (580ms)
		DisableScriptedObjects (79ms)
		CreateAndSetChildDomain (73ms)
	RebuildCommonClasses (22ms)
	RebuildNativeTypeToScriptingClass (40ms)
	initialDomainReloadingComplete (246ms)
	LoadAllAssembliesAndSetupDomain (2662ms)
		LoadAssemblies (1290ms)
		TypeCache.Refresh (876ms)
			TypeCache.ScanAssembly (824ms)
		AnalyzeDomain (260ms)
			BuildScriptInfoCaches (246ms)
			ResolveRequiredComponents (10ms)
	FinalizeReload (4752ms)
		SetupLoadedEditorAssemblies (0ms)
			LogAssemblyErrors (11ms)
			InitializePlatformSupportModulesInManaged (27ms)
			BeforeProcessingInitializeOnLoad (409ms)
			ProcessInitializeOnLoadAttributes (2780ms)
			ProcessInitializeOnLoadMethodAttributes (665ms)
			AfterProcessingInitializeOnLoad (14ms)
			EditorAssembliesLoaded (4ms)
		AwakeInstancesAfterBackupRestoration (50ms)
AcceleratorClientConnectionCallback - disconnected - :0
Launched and connected shader compiler UnityShaderCompiler.exe after 0.03 seconds
Refreshing native plugins compatible for Editor in 5.89 ms, found 5 plugins.
Unloading 105 Unused Serialized files (Serialized files now loaded: 0)
Unloading 10301 unused Assets / (26.6 MB). Loaded Objects now: 11203.
Memory consumption went from 477.6 MB to 451.0 MB.
Total: 52.447100 ms (FindLiveObjects: 3.842700 ms CreateObjectMapping: 2.022800 ms MarkObjects: 37.118600 ms  DeleteObjects: 8.742600 ms)

========================================================================
Received Import Request.
  Time of request: 2026-09-24T22:22:17.5515594Z
  Time since last request: 30171.34304150000025 seconds.
  importAddress: GUID: 60eb401ce35d2ac439036d11bc66f8c8 - Path: Assets/Juice_UI_Free/Art - Importer: PreviewImporter
Importing 'GUID: 60eb401ce35d2ac439036d11bc66f8c8 - Path: Assets/Juice_UI_Free/Art - Importer: PreviewImporter' with importer (PreviewImporter)
Imported 'GUID: 60eb401ce35d2ac439036d11bc66f8c8' -> (Import Result ID: '3e94235312f8494b0731954ee41694c5') in 0.015 seconds [static and dynamic dependencies]. Details - ImportResultOutputID=34f8797ad3a1f3c0069fad36ca4d770b DependenciesID=2f7e10f581b0e53e358abbd5f2f46811 StaticDependenciesID=3ce604deae94903a5917d050f5280311 
Number of updated asset objects reloaded before import = 0
Number of asset objects unloaded after import = 0
========================================================================
Received Import Request.
  Time of request: 2026-09-24T22:22:17.6863168Z
  Time since last request: 0.08291 seconds.
  importAddress: GUID: c81e5bca5eff78345a894e780bb1d622 - Path: Assets/Juice_UI_Free/Art/GUI2K.png - Importer: PreviewImporter
Importing 'GUID: c81e5bca5eff78345a894e780bb1d622 - Path: Assets/Juice_UI_Free/Art/GUI2K.png - Importer: PreviewImporter' with importer (PreviewImporter)
Imported 'GUID: c81e5bca5eff78345a894e780bb1d622' -> (Import Result ID: '8cf91aea4b955e9dd703db647cedfbe8') in 0.538 seconds [static and dynamic dependencies]. Details - ImportResultOutputID=7e13fefb51e7b71569db1cb7f8562ec8 DependenciesID=588c5c4212cdfc2f9fa2459702d5113c StaticDependenciesID=b6272cbfa8b6e36f4572290cd6358c94 
Number of updated asset objects reloaded before import = 0
Number of asset objects unloaded after import = 31
========================================================================
Received Import Request.
  Time of request: 2026-09-24T22:22:36.6602088Z
  Time since last request: 18.3941484 seconds.
  importAddress: GUID: 69a2b133da08afd409bcff152cb051fa - Path: Assets/Juice_UI_Free/Scenes - Importer: PreviewImporter
Importing 'GUID: 69a2b133da08afd409bcff152cb051fa - Path: Assets/Juice_UI_Free/Scenes - Importer: PreviewImporter' with importer (PreviewImporter)
Imported 'GUID: 69a2b133da08afd409bcff152cb051fa' -> (Import Result ID: 'e4fcf6c6f3484bf137e6874653af12e7') in 0.004 seconds [static and dynamic dependencies]. Details - ImportResultOutputID=367341bdb67ca29ef3a31fc2835d0c0a DependenciesID=819632ffd51c8cf4345027f2e59e87b8 StaticDependenciesID=b5f766d83e71931e38f4a8dcd1e747f1 
Number of updated asset objects reloaded before import = 0
Number of asset objects unloaded after import = 0
========================================================================
Received Import Request.
  Time of request: 2026-09-24T22:22:42.6376714Z
  Time since last request: 5.939676 seconds.
  importAddress: GUID: 23459365a38ef1a4dbe73d32a455608e - Path: Assets/Juice_UI_Free/Scenes/Buttons_Demo.unity - Importer: PreviewImporter
Importing 'GUID: 23459365a38ef1a4dbe73d32a455608e - Path: Assets/Juice_UI_Free/Scenes/Buttons_Demo.unity - Importer: PreviewImporter' with importer (PreviewImporter)
Imported 'GUID: 23459365a38ef1a4dbe73d32a455608e' -> (Import Result ID: '2fbe09a1f0090dc52adeac0906c573db') in 0.003 seconds [static and dynamic dependencies]. Details - ImportResultOutputID=49d3c9663c9fd8eb6548db364c6c1e17 DependenciesID=b95e6d3448af272dcf357d904c3cc117 StaticDependenciesID=985377a7eab69a77d2e2ed05b96c497f 
Number of updated asset objects reloaded before import = 0
Number of asset objects unloaded after import = 0
========================================================================
Received Import Request.
  Time of request: 2026-09-24T22:33:19.8572189Z
  Time since last request: 637.1795194 seconds.
  importAddress: GUID: 17c350171f7a3ca479f830547c66d187 - Path: Assets/TextMesh Pro/Examples & Extras/Textures/Sunny Days - Seamless.jpg - Importer: PreviewImporter
Importing 'GUID: 17c350171f7a3ca479f830547c66d187 - Path: Assets/TextMesh Pro/Examples & Extras/Textures/Sunny Days - Seamless.jpg - Importer: PreviewImporter' with importer (PreviewImporter)
Imported 'GUID: 17c350171f7a3ca479f830547c66d187' -> (Import Result ID: 'b425aac177746d2ed7c292122a7f7ee4') in 0.057 seconds [static and dynamic dependencies]. Details - ImportResultOutputID=d3b2ad3d6a9d21d771abfdaec11805aa DependenciesID=90f1258e74d2be510a396bb651975405 StaticDependenciesID=1dab6caec8425ab6c2d94602f340fa16 
Number of updated asset objects reloaded before import = 0
Number of asset objects unloaded after import = 2
========================================================================
Received Import Request.
  Time of request: 2026-09-24T22:34:07.0710599Z
  Time since last request: 47.1206063 seconds.
  importAddress: GUID: c57b9d15f837a3c4f905243843be82b4 - Path: Assets/Juice_UI_Free/Font/LilitaOne-Regular.ttf - Importer: PreviewImporter
Importing 'GUID: c57b9d15f837a3c4f905243843be82b4 - Path: Assets/Juice_UI_Free/Font/LilitaOne-Regular.ttf - Importer: PreviewImporter' with importer (PreviewImporter)
Imported 'GUID: c57b9d15f837a3c4f905243843be82b4' -> (Import Result ID: '1966ebb3ffb8c07892cb10f81a443006') in 1.061 seconds [static and dynamic dependencies]. Details - ImportResultOutputID=636681259189d9417d338ab79ce118ca DependenciesID=4edecdaf44c3d419842af12cdd48f855 StaticDependenciesID=f179f16b529a09f265b142b0b4dac27e 
Number of updated asset objects reloaded before import = 0
Number of asset objects unloaded after import = 7
========================================================================
Received Import Request.
  Time of request: 2026-09-24T22:34:08.1805365Z
  Time since last request: 0.0013861 seconds.
  importAddress: GUID: 567d38dc9b6fa554ebb79980c7167029 - Path: Assets/Juice_UI_Free/Font/PassionOne-Black.ttf - Importer: PreviewImporter
Importing 'GUID: 567d38dc9b6fa554ebb79980c7167029 - Path: Assets/Juice_UI_Free/Font/PassionOne-Black.ttf - Importer: PreviewImporter' with importer (PreviewImporter)
Imported 'GUID: 567d38dc9b6fa554ebb79980c7167029' -> (Import Result ID: '31376797ea842cb62cd987bdfcb90c8d') in 0.029 seconds [static and dynamic dependencies]. Details - ImportResultOutputID=c334636ed3c22792b8493ae232f6db0a DependenciesID=58695abb2d476238c451a36f0a9d4554 StaticDependenciesID=987841bddf31ef6532401e4ea0d7f1d5 
Number of updated asset objects reloaded before import = 0
Number of asset objects unloaded after import = 6
========================================================================
Received Import Request.
  Time of request: 2026-09-24T22:34:08.2358041Z
  Time since last request: 0.0044431 seconds.
  importAddress: GUID: 3ddb9d1b4d8cab747886957c91e20fae - Path: Assets/Juice_UI_Free/Font/PassionOne-Black SDF.asset - Importer: PreviewImporter
Importing 'GUID: 3ddb9d1b4d8cab747886957c91e20fae - Path: Assets/Juice_UI_Free/Font/PassionOne-Black SDF.asset - Importer: PreviewImporter' with importer (PreviewImporter)
Imported 'GUID: 3ddb9d1b4d8cab747886957c91e20fae' -> (Import Result ID: 'f6f21d0733e288745ab789bb1bd9eaf4') in 0.083 seconds [static and dynamic dependencies]. Details - ImportResultOutputID=9dbc5dd1a4edf79eea608ebb50a5f845 DependenciesID=41a4cdd81115f04ad9a4ddcd4e4ebbb2 StaticDependenciesID=777edd0c7f47b5a0f32321ee7c214061 
Number of updated asset objects reloaded before import = 0
Number of asset objects unloaded after import = 6
========================================================================
Received Import Request.
  Time of request: 2026-09-24T22:34:08.3515533Z
  Time since last request: 0.0036028 seconds.
  importAddress: GUID: f74b147e45b69c9438da7c5412bd43fa - Path: Assets/Juice_UI_Free/Font/PassionOne-Bold.ttf - Importer: PreviewImporter
Importing 'GUID: f74b147e45b69c9438da7c5412bd43fa - Path: Assets/Juice_UI_Free/Font/PassionOne-Bold.ttf - Importer: PreviewImporter' with importer (PreviewImporter)
Imported 'GUID: f74b147e45b69c9438da7c5412bd43fa' -> (Import Result ID: '485b330a6ffa82edce3bc04e695f3b85') in 0.029 seconds [static and dynamic dependencies]. Details - ImportResultOutputID=f6f1aa76364512c48821f2ec153b5daa DependenciesID=2490ee8d9e52ac5f3ac290457c7b873d StaticDependenciesID=efb250a77b66a32a22aea4cd1b0600f9 
Number of updated asset objects reloaded before import = 0
Number of asset objects unloaded after import = 6
========================================================================
Received Import Request.
  Time of request: 2026-09-24T22:34:08.4109761Z
  Time since last request: 0.003492 seconds.
  importAddress: GUID: 6f7f7d40cc06c1d41bced8b1f3e6f471 - Path: Assets/Juice_UI_Free/Font/PassionOne-Bold SDF.asset - Importer: PreviewImporter
Importing 'GUID: 6f7f7d40cc06c1d41bced8b1f3e6f471 - Path: Assets/Juice_UI_Free/Font/PassionOne-Bold SDF.asset - Importer: PreviewImporter' with importer (PreviewImporter)
Imported 'GUID: 6f7f7d40cc06c1d41bced8b1f3e6f471' -> (Import Result ID: '3b41176f24c2baf5e90decb084eb5874') in 0.193 seconds [static and dynamic dependencies]. Details - ImportResultOutputID=5d88191a919f38996d739e709ee5c660 DependenciesID=dae76284ac53c04f928097823a8b96d8 StaticDependenciesID=f72783c107f7b076b373b54244f52a37 
Number of updated asset objects reloaded before import = 0
Number of asset objects unloaded after import = 6
========================================================================
Received Prepare
AcceleratorClientConnectionCallback - disconnected - :0
'Packages/com.unity.render-pipelines.core/Editor/Deprecated.cs' contains partial class of Unity.Object, exactly 1 of the partial classes needs to be in a file with the same filename. This is to know the one that can be referenced from ie. GameObjects
'Packages/com.unity.render-pipelines.core/Editor/Deprecated.cs' contains partial class of Unity.Object, exactly 1 of the partial classes needs to be in a file with the same filename. This is to know the one that can be referenced from ie. GameObjects
Refreshing native plugins compatible for Editor in 7.00 ms, found 5 plugins.
Unloading 104 Unused Serialized files (Serialized files now loaded: 0)
Unloading 10270 unused Assets / (23.0 MB). Loaded Objects now: 11385.
Memory consumption went from 491.1 MB to 468.1 MB.
Total: 51.440000 ms (FindLiveObjects: 3.316800 ms CreateObjectMapping: 1.936000 ms MarkObjects: 37.291600 ms  DeleteObjects: 8.201100 ms)

Prepare: number of updated asset objects reloaded= 0
========================================================================
Received Prepare
AcceleratorClientConnectionCallback - disconnected - :0
[Licensing::Client] Successfully resolved entitlement details
[Licensing::Module] License group:
  Id: F4-3VZ2-5WT4-GH8V-WM95-XXXX
  Product: Unity Personal
  Type: ULF
  Expiration: Unlimited
[Licensing::Module] License group:
  Id: 2476045025254-UnityPersXXXX
  Product: Unity Personal
  Type: Assigned
  Expiration: Unlimited
Begin MonoManager ReloadAssembly
Symbol file LoadedFromMemory is not a mono symbol file
Symbol file LoadedFromMemory is not a mono symbol file
'Packages/com.unity.render-pipelines.core/Editor/Deprecated.cs' contains partial class of Unity.Object, exactly 1 of the partial classes needs to be in a file with the same filename. This is to know the one that can be referenced from ie. GameObjects
'Packages/com.unity.render-pipelines.core/Editor/Deprecated.cs' contains partial class of Unity.Object, exactly 1 of the partial classes needs to be in a file with the same filename. This is to know the one that can be referenced from ie. GameObjects
Refreshing native plugins compatible for Editor in 12.18 ms, found 5 plugins.
Native extension for WindowsStandalone target not found
Native extension for WebGL target not found
[Package Manager] Failed to launch server process. Reason: Unity was launched with the -noUpm command-line argument
[Package Manager] Unable to send message (not connected to server process).
[Package Manager] Cannot connect to Unity Package Manager local server
Refreshing native plugins compatible for Editor in 14.01 ms, found 5 plugins.
[Package Manager] Failed to launch server process. Reason: Unity was launched with the -noUpm command-line argument
[Package Manager] Unable to send message (not connected to server process).
[Package Manager] Cannot connect to Unity Package Manager local server
[Licensing::Client] Error: Code 404 while processing request (status: Found 0 entitlement groups and 0 free entitlements matching requested entitlement ids)
[Licensing::Client] Error: Code 404 while processing request (status: Found 0 entitlement groups and 0 free entitlements matching requested entitlement ids)
[Licensing::Client] Error: Code 404 while processing request (status: Found 0 entitlement groups and 0 free entitlements matching requested entitlement ids)
ScheduleIndexationOnStartup MainProcess:False IndexOnStartup:True
Scripting: successfully reloaded assembly
- Finished resetting the current domain, in  5.766 seconds
Domain Reload Profiling: 9195ms
	BeginReloadAssembly (830ms)
		DisableScriptedObjects (128ms)
		CreateAndSetChildDomain (242ms)
	RebuildCommonClasses (28ms)
	RebuildNativeTypeToScriptingClass (48ms)
	initialDomainReloadingComplete (301ms)
	LoadAllAssembliesAndSetupDomain (2219ms)
		LoadAssemblies (1199ms)
		TypeCache.Refresh (29ms)
		AnalyzeDomain (845ms)
			BuildScriptInfoCaches (826ms)
			ResolveRequiredComponents (14ms)
	FinalizeReload (5770ms)
		SetupLoadedEditorAssemblies (0ms)
			LogAssemblyErrors (5ms)
			InitializePlatformSupportModulesInManaged (33ms)
			BeforeProcessingInitializeOnLoad (550ms)
			ProcessInitializeOnLoadAttributes (2515ms)
			ProcessInitializeOnLoadMethodAttributes (1229ms)
			AfterProcessingInitializeOnLoad (24ms)
			EditorAssembliesLoaded (7ms)
		AwakeInstancesAfterBackupRestoration (153ms)
Refreshing native plugins compatible for Editor in 13.18 ms, found 5 plugins.
Unloading 104 Unused Serialized files (Serialized files now loaded: 0)
Unloading 10293 unused Assets / (24.4 MB). Loaded Objects now: 11343.
Memory consumption went from 494.4 MB to 470.1 MB.
Total: 61.583500 ms (FindLiveObjects: 3.935800 ms CreateObjectMapping: 2.870900 ms MarkObjects: 40.965700 ms  DeleteObjects: 12.935300 ms)

Prepare: number of updated asset objects reloaded= 0
========================================================================
Received Import Request.
  Time of request: 2026-09-24T22:37:24.8067312Z
  Time since last request: 196.1769175 seconds.
  importAddress: GUID: 297b588ec81c8cb44b137a710a1f695a - Path: Assets/Scenes/Scene2.unity - Importer: PreviewImporter
Importing 'GUID: 297b588ec81c8cb44b137a710a1f695a - Path: Assets/Scenes/Scene2.unity - Importer: PreviewImporter' with importer (PreviewImporter)
Imported 'GUID: 297b588ec81c8cb44b137a710a1f695a' -> (Import Result ID: '8fa4eaba89a2b8ecc0f5d064c120e1ad') in 0.012 seconds [static and dynamic dependencies]. Details - ImportResultOutputID=3de205026b7ff0467c1c71768ccf6899 DependenciesID=651d6d3d7b91bd4e8fcfe99d4e4d47ec StaticDependenciesID=a8fb865ad80e4821b2ceb4a7cf0de90a 
Number of updated asset objects reloaded before import = 0
Number of asset objects unloaded after import = 0
========================================================================
Received Prepare
AcceleratorClientConnectionCallback - disconnected - :0
Refreshing native plugins compatible for Editor in 7.05 ms, found 5 plugins.
Unloading 104 Unused Serialized files (Serialized files now loaded: 0)
Unloading 105 unused Assets / (16.9 MB). Loaded Objects now: 11343.
Memory consumption went from 489.5 MB to 472.6 MB.
Total: 50.640600 ms (FindLiveObjects: 2.415400 ms CreateObjectMapping: 0.746800 ms MarkObjects: 38.263300 ms  DeleteObjects: 8.460800 ms)

Prepare: number of updated asset objects reloaded= 0
========================================================================
Received Import Request.
  Time of request: 2026-09-24T22:37:38.1154469Z
  Time since last request: 13.254378 seconds.
  importAddress: GUID: 99c9720ab356a0642a771bea13969a05 - Path: Assets/Scenes/MainMenu.unity - Importer: PreviewImporter
Importing 'GUID: 99c9720ab356a0642a771bea13969a05 - Path: Assets/Scenes/MainMenu.unity - Importer: PreviewImporter' with importer (PreviewImporter)
Imported 'GUID: 99c9720ab356a0642a771bea13969a05' -> (Import Result ID: '56b939e4f29fe45f094913507a2d50ec') in 0.007 seconds [static and dynamic dependencies]. Details - ImportResultOutputID=60ca0ca267162a69cdf8a1143a5075b0 DependenciesID=a890e1ae4c1f1c0a11830eb76126f438 StaticDependenciesID=ef9bee6cbdcde1a6d8395f710d8aea0b 
Number of updated asset objects reloaded before import = 0
Number of asset objects unloaded after import = 0
========================================================================
Received Import Request.
  Time of request: 2026-09-24T22:53:37.3958473Z
  Time since last request: 959.22542120000003 seconds.
  importAddress: GUID: 234b6a9c6c315854c806599b1e7f7d88 - Path: Assets/Scenes/Scene1.unity - Importer: PreviewImporter
Importing 'GUID: 234b6a9c6c315854c806599b1e7f7d88 - Path: Assets/Scenes/Scene1.unity - Importer: PreviewImporter' with importer (PreviewImporter)
Imported 'GUID: 234b6a9c6c315854c806599b1e7f7d88' -> (Import Result ID: 'facd96245faddc1ad13518b9942591f7') in 0.003 seconds [static and dynamic dependencies]. Details - ImportResultOutputID=7394e0bf377a46367f84b3125e4c2af5 DependenciesID=d8f267b92084284da11fa974d7d55f57 StaticDependenciesID=7f875198f15e318dbf16a6d4cb8297b6 
Number of updated asset objects reloaded before import = 0
Number of asset objects unloaded after import = 0
========================================================================
Received Prepare
AcceleratorClientConnectionCallback - disconnected - :0
Refreshing native plugins compatible for Editor in 8.93 ms, found 5 plugins.
Unloading 104 Unused Serialized files (Serialized files now loaded: 0)
Unloading 105 unused Assets / (17.0 MB). Loaded Objects now: 11343.
Memory consumption went from 484.9 MB to 467.9 MB.
Total: 50.397800 ms (FindLiveObjects: 2.860100 ms CreateObjectMapping: 0.903600 ms MarkObjects: 38.986000 ms  DeleteObjects: 6.849800 ms)

Prepare: number of updated asset objects reloaded= 0
========================================================================
Received Prepare
AcceleratorClientConnectionCallback - disconnected - :0
Refreshing native plugins compatible for Editor in 4.37 ms, found 5 plugins.
Unloading 104 Unused Serialized files (Serialized files now loaded: 0)
Unloading 105 unused Assets / (17.0 MB). Loaded Objects now: 11343.
Memory consumption went from 487.2 MB to 470.3 MB.
Total: 41.625700 ms (FindLiveObjects: 2.645100 ms CreateObjectMapping: 0.701600 ms MarkObjects: 30.464700 ms  DeleteObjects: 7.095600 ms)

Prepare: number of updated asset objects reloaded= 0
========================================================================
Received Import Request.
  Time of request: 2026-09-24T22:57:57.789072Z
  Time since last request: 260.3393974 seconds.
  importAddress: GUID: 813880d116a0269409a8a23ebdb4f887 - Path: Assets/Scenes/Scene3.unity - Importer: PreviewImporter
Importing 'GUID: 813880d116a0269409a8a23ebdb4f887 - Path: Assets/Scenes/Scene3.unity - Importer: PreviewImporter' with importer (PreviewImporter)
Imported 'GUID: 813880d116a0269409a8a23ebdb4f887' -> (Import Result ID: '5996c856fba2f7421d1a1686b64063d2') in 0.009 seconds [static and dynamic dependencies]. Details - ImportResultOutputID=f50f216faafd43e0842346b86f1f533f DependenciesID=4fdf6ff581d526768fd25d825f1c9381 StaticDependenciesID=d4e85e485d64d03724d22135c09d57af 
Number of updated asset objects reloaded before import = 0
Number of asset objects unloaded after import = 0
========================================================================
Received Prepare
AcceleratorClientConnectionCallback - disconnected - :0
Refreshing native plugins compatible for Editor in 8.92 ms, found 5 plugins.
Unloading 104 Unused Serialized files (Serialized files now loaded: 0)
Unloading 105 unused Assets / (16.9 MB). Loaded Objects now: 11343.
Memory consumption went from 489.5 MB to 472.6 MB.
Total: 44.307500 ms (FindLiveObjects: 2.621100 ms CreateObjectMapping: 0.829300 ms MarkObjects: 33.256400 ms  DeleteObjects: 6.902300 ms)

Prepare: number of updated asset objects reloaded= 0
========================================================================
Received Import Request.
  Time of request: 2026-09-24T23:02:39.3722228Z
  Time since last request: 281.5252638 seconds.
  importAddress: GUID: 99c9720ab356a0642a771bea13969a05 - Path: Assets/Scenes/MainMenu.unity - Importer: PreviewImporter
Importing 'GUID: 99c9720ab356a0642a771bea13969a05 - Path: Assets/Scenes/MainMenu.unity - Importer: PreviewImporter' with importer (PreviewImporter)
Imported 'GUID: 99c9720ab356a0642a771bea13969a05' -> (Import Result ID: '31eabad543392ace1f504e3a0868d6d6') in 0.004 seconds [static and dynamic dependencies]. Details - ImportResultOutputID=60ca0ca267162a69cdf8a1143a5075b0 DependenciesID=833e1f453b2cc035bbb02b4d5abcbc9b StaticDependenciesID=72858e80dd655d8c10100a8c90707ada 
Number of updated asset objects reloaded before import = 0
Number of asset objects unloaded after import = 0
========================================================================
Received Prepare
AcceleratorClientConnectionCallback - disconnected - :0
Refreshing native plugins compatible for Editor in 10.72 ms, found 5 plugins.
Unloading 104 Unused Serialized files (Serialized files now loaded: 0)
Unloading 105 unused Assets / (16.9 MB). Loaded Objects now: 11343.
Memory consumption went from 487.2 MB to 470.3 MB.
Total: 51.771100 ms (FindLiveObjects: 2.951100 ms CreateObjectMapping: 1.373100 ms MarkObjects: 41.038500 ms  DeleteObjects: 5.543000 ms)

Prepare: number of updated asset objects reloaded= 0
========================================================================
Received Import Request.
  Time of request: 2026-09-24T23:02:53.6514677Z
  Time since last request: 14.2273619 seconds.
  importAddress: GUID: 234b6a9c6c315854c806599b1e7f7d88 - Path: Assets/Scenes/Scene1.unity - Importer: PreviewImporter
Importing 'GUID: 234b6a9c6c315854c806599b1e7f7d88 - Path: Assets/Scenes/Scene1.unity - Importer: PreviewImporter' with importer (PreviewImporter)
Imported 'GUID: 234b6a9c6c315854c806599b1e7f7d88' -> (Import Result ID: '330a9941c18d2e58ebfce8c0ffafc45c') in 0.003 seconds [static and dynamic dependencies]. Details - ImportResultOutputID=7394e0bf377a46367f84b3125e4c2af5 DependenciesID=7ad81e790573712772fb152619400040 StaticDependenciesID=c19bf97658d6f5a4d7f1e4fe77a4bb9b 
Number of updated asset objects reloaded before import = 0
Number of asset objects unloaded after import = 0
========================================================================
Received Prepare
AcceleratorClientConnectionCallback - disconnected - :0
Refreshing native plugins compatible for Editor in 5.61 ms, found 5 plugins.
Unloading 104 Unused Serialized files (Serialized files now loaded: 0)
Unloading 105 unused Assets / (17.0 MB). Loaded Objects now: 11343.
Memory consumption went from 487.2 MB to 470.2 MB.
Total: 48.633100 ms (FindLiveObjects: 3.083800 ms CreateObjectMapping: 1.259300 ms MarkObjects: 36.413400 ms  DeleteObjects: 7.036700 ms)

Prepare: number of updated asset objects reloaded= 0
========================================================================
Received Import Request.
  Time of request: 2026-09-24T23:06:45.2557457Z
  Time since last request: 231.56339600000001 seconds.
  importAddress: GUID: 297b588ec81c8cb44b137a710a1f695a - Path: Assets/Scenes/Scene2.unity - Importer: PreviewImporter
Importing 'GUID: 297b588ec81c8cb44b137a710a1f695a - Path: Assets/Scenes/Scene2.unity - Importer: PreviewImporter' with importer (PreviewImporter)
Imported 'GUID: 297b588ec81c8cb44b137a710a1f695a' -> (Import Result ID: 'f81e56de5f957c59d420ece92317f920') in 0.009 seconds [static and dynamic dependencies]. Details - ImportResultOutputID=3de205026b7ff0467c1c71768ccf6899 DependenciesID=388b912a5f335661d0281a6d70eb17c4 StaticDependenciesID=2ec559c8aefc579bb7f38eff4cf3fcdb 
Number of updated asset objects reloaded before import = 0
Number of asset objects unloaded after import = 0
========================================================================
Received Prepare
AcceleratorClientConnectionCallback - disconnected - :0
Refreshing native plugins compatible for Editor in 11.49 ms, found 5 plugins.
Unloading 104 Unused Serialized files (Serialized files now loaded: 0)
Unloading 105 unused Assets / (16.9 MB). Loaded Objects now: 11343.
Memory consumption went from 487.2 MB to 470.3 MB.
Total: 41.846000 ms (FindLiveObjects: 2.882900 ms CreateObjectMapping: 0.833800 ms MarkObjects: 31.336800 ms  DeleteObjects: 6.087700 ms)

Prepare: number of updated asset objects reloaded= 0
========================================================================
Received Import Request.
  Time of request: 2026-09-24T23:09:42.1021218Z
  Time since last request: 176.7953574 seconds.
  importAddress: GUID: 813880d116a0269409a8a23ebdb4f887 - Path: Assets/Scenes/Scene3.unity - Importer: PreviewImporter
Importing 'GUID: 813880d116a0269409a8a23ebdb4f887 - Path: Assets/Scenes/Scene3.unity - Importer: PreviewImporter' with importer (PreviewImporter)
Imported 'GUID: 813880d116a0269409a8a23ebdb4f887' -> (Import Result ID: '2f67102a9c481c7684c0d9d353191622') in 0.005 seconds [static and dynamic dependencies]. Details - ImportResultOutputID=f50f216faafd43e0842346b86f1f533f DependenciesID=4fc617202d2ba1555c391db78797a752 StaticDependenciesID=76c7747b2fac35bb7b934bd7045dca5d 
Number of updated asset objects reloaded before import = 0
Number of asset objects unloaded after import = 0
========================================================================
Received Prepare
AcceleratorClientConnectionCallback - disconnected - :0
Refreshing native plugins compatible for Editor in 7.49 ms, found 5 plugins.
Unloading 104 Unused Serialized files (Serialized files now loaded: 0)
Unloading 105 unused Assets / (17.0 MB). Loaded Objects now: 11343.
Memory consumption went from 487.2 MB to 470.2 MB.
Total: 50.146600 ms (FindLiveObjects: 2.463500 ms CreateObjectMapping: 1.307100 ms MarkObjects: 33.633200 ms  DeleteObjects: 11.973700 ms)

Prepare: number of updated asset objects reloaded= 0
========================================================================
Received Import Request.
  Time of request: 2026-09-24T23:11:58.6686466Z
  Time since last request: 136.52483770000001 seconds.
  importAddress: GUID: 99c9720ab356a0642a771bea13969a05 - Path: Assets/Scenes/MainMenu.unity - Importer: PreviewImporter
Importing 'GUID: 99c9720ab356a0642a771bea13969a05 - Path: Assets/Scenes/MainMenu.unity - Importer: PreviewImporter' with importer (PreviewImporter)
Imported 'GUID: 99c9720ab356a0642a771bea13969a05' -> (Import Result ID: '909197aba43016d479eb9abf94653c56') in 0.003 seconds [static and dynamic dependencies]. Details - ImportResultOutputID=60ca0ca267162a69cdf8a1143a5075b0 DependenciesID=20eff7221239cac8ebc434a9e1327027 StaticDependenciesID=d3be7bea5b719aba8ac58b092047a099 
Number of updated asset objects reloaded before import = 0
Number of asset objects unloaded after import = 0
========================================================================
Received Prepare
AcceleratorClientConnectionCallback - disconnected - :0
Refreshing native plugins compatible for Editor in 8.40 ms, found 5 plugins.
Unloading 104 Unused Serialized files (Serialized files now loaded: 0)
Unloading 105 unused Assets / (16.9 MB). Loaded Objects now: 11343.
Memory consumption went from 487.2 MB to 470.3 MB.
Total: 42.375300 ms (FindLiveObjects: 2.504800 ms CreateObjectMapping: 1.340300 ms MarkObjects: 30.110300 ms  DeleteObjects: 7.706900 ms)

Prepare: number of updated asset objects reloaded= 0
========================================================================
Received Import Request.
  Time of request: 2026-09-24T23:12:07.9779608Z
  Time since last request: 9.2647259 seconds.
  importAddress: GUID: 234b6a9c6c315854c806599b1e7f7d88 - Path: Assets/Scenes/Scene1.unity - Importer: PreviewImporter
Importing 'GUID: 234b6a9c6c315854c806599b1e7f7d88 - Path: Assets/Scenes/Scene1.unity - Importer: PreviewImporter' with importer (PreviewImporter)
Imported 'GUID: 234b6a9c6c315854c806599b1e7f7d88' -> (Import Result ID: '5932bae49fa4c6fdac3a041710ef8d74') in 0.003 seconds [static and dynamic dependencies]. Details - ImportResultOutputID=7394e0bf377a46367f84b3125e4c2af5 DependenciesID=a21c96d889f0b848fb974a6ef78244b2 StaticDependenciesID=aebb443b15ee82958207fe085b697bfa 
Number of updated asset objects reloaded before import = 0
Number of asset objects unloaded after import = 0
========================================================================
Received Prepare
AcceleratorClientConnectionCallback - disconnected - :0
Refreshing native plugins compatible for Editor in 4.93 ms, found 5 plugins.
Unloading 104 Unused Serialized files (Serialized files now loaded: 0)
Unloading 105 unused Assets / (17.0 MB). Loaded Objects now: 11343.
Memory consumption went from 487.2 MB to 470.2 MB.
Total: 39.167400 ms (FindLiveObjects: 2.477900 ms CreateObjectMapping: 0.685100 ms MarkObjects: 30.157600 ms  DeleteObjects: 5.199000 ms)

Prepare: number of updated asset objects reloaded= 0
Editor requested this worker to shutdown with reason: Editor is closing down
AcceleratorClientConnectionCallback - disconnected - :0
AssetImportWorker is now disconnected from the server
Process exiting
[ExitDontLaunchBugReporter] Exiting without the bug reporter. Application will exit with return code 0
