
Server arguments:
  --memory-size 1073741824
  --shared-postfix 4aa196f9ef678214ef5c967b6b899d95
  --working-directory Library/DataStore
  --silent-console
  --shutdown-grace 0
  --client-process-check 0
  --uds-log-file C:/Users/nadia/Documents/GitHub/KioskProject/KioskProject/Logs/UDS-Service.log
  --debug-log 2
  -name
  Unity.DataStore

Initialising UDS system complete:
  - System type: Service
  - Resource namespace: 4aa196f9ef678214ef5c967b6b899d95
  - Shared memory size: 1073741824
  - Command buffer id: 1052576
  - Command buffer size: 8192
  - Hashmap size: 4194304
Starting Unity Data Store Application
[Error] Failed to remove data for hash 50b0b04b1fed31ab94529b8a755f9013. Failure received from service
0x00007ff6f085ac75 (Unity.DataStore) uds_wait_handle_complete
0x00007ff6f081f835 (Unity.DataStore) uds_cleanup
0x00007ff6f080edbf (Unity.DataStore) 
0x00007ff6f081000d (Unity.DataStore) 
0x00007ff6f07f72e5 (Unity.DataStore) 
0x00007ff6f07f676a (Unity.DataStore) 
0x00007ff6f07f6a4f (Unity.DataStore) 
0x00007ff6f07f28b5 (Unity.DataStore) 
0x00007ff6f08766f4 (Unity.DataStore) uds_wait_handle_complete
0x00007ffac67dcdf7 (KERNEL32) BaseThreadInitThunk
0x00007ffac6efee4c (ntdll) RtlUserThreadStart

Unity Data Store Application Complete
Shut down UDS service system complete
